// Jest Snapshot v1, https://goo.gl/fbAQLP

exports[`Testing the component <ActionButton /> Should render the component correctly 1`] = `ShallowWrapper {}`;

exports[`Testing the component <ActionButton /> Should show the icon 1`] = `ReactWrapper {}`;

exports[`Testing the component <ActionButton /> Should show the label 1`] = `ReactWrapper {}`;
