// Jest Snapshot v1, https://goo.gl/fbAQLP

exports[`Testing the component <Card /> Should render the component correctly 1`] = `ShallowWrapper {}`;
